Copyright 1986-2022 Xilinx, Inc. All Rights Reserved. Copyright 2022-2025 Advanced Micro Devices, Inc. All Rights Reserved.
---------------------------------------------------------------------------------------------------------------------------------------------
| Tool Version : Vivado v.2025.2 (win64) Build 6299465 Fri Nov 14 19:35:11 GMT 2025
| Date         : Sat May  9 01:59:33 2026
| Host         : Sebi running 64-bit major release  (build 9200)
| Command      : report_control_sets -verbose -file Pico_Blazer_Top_Level_control_sets_placed.rpt
| Design       : Pico_Blazer_Top_Level
| Device       : xc7a35ti
---------------------------------------------------------------------------------------------------------------------------------------------

Control Set Information

Table of Contents
-----------------
1. Summary
2. Histogram
3. Flip-Flop Distribution
4. Detailed Control Set Information

1. Summary
----------

+----------------------------------------------------------+-------+
|                          Status                          | Count |
+----------------------------------------------------------+-------+
| Total control sets                                       |    12 |
|    Minimum number of control sets                        |    12 |
|    Addition due to synthesis replication                 |     0 |
|    Addition due to physical synthesis replication        |     0 |
| Unused register locations in slices containing registers |    24 |
+----------------------------------------------------------+-------+
* Control sets can be merged at opt_design using control_set_merge or merge_equivalent_drivers
** Run report_qor_suggestions for automated merging and remapping suggestions


2. Histogram
------------

+--------------------+-------+
|       Fanout       | Count |
+--------------------+-------+
| Total control sets |    12 |
| >= 0 to < 4        |     1 |
| >= 4 to < 6        |     1 |
| >= 6 to < 8        |     0 |
| >= 8 to < 10       |     5 |
| >= 10 to < 12      |     1 |
| >= 12 to < 14      |     0 |
| >= 14 to < 16      |     0 |
| >= 16              |     4 |
+--------------------+-------+
* Control sets can be remapped at either synth_design or opt_design


3. Flip-Flop Distribution
-------------------------

+--------------+-----------------------+------------------------+-----------------+--------------+
| Clock Enable | Synchronous Set/Reset | Asynchronous Set/Reset | Total Registers | Total Slices |
+--------------+-----------------------+------------------------+-----------------+--------------+
| No           | No                    | No                     |              19 |            7 |
| No           | No                    | Yes                    |              67 |           19 |
| No           | Yes                   | No                     |               0 |            0 |
| Yes          | No                    | No                     |               1 |            1 |
| Yes          | No                    | Yes                    |              81 |           41 |
| Yes          | Yes                   | No                     |               0 |            0 |
+--------------+-----------------------+------------------------+-----------------+--------------+


4. Detailed Control Set Information
-----------------------------------

+------------------+-----------------------------------------------------+------------------+------------------+----------------+--------------+
|   Clock Signal   |                    Enable Signal                    | Set/Reset Signal | Slice Load Count | Bel Load Count | Bels / Slice |
+------------------+-----------------------------------------------------+------------------+------------------+----------------+--------------+
|  CLK_IBUF_BUFG   | Processor_Advance_button/eqOp                       |                  |                1 |              1 |         1.00 |
|  BTN_Output_BUFG |                                                     | RST_IBUF         |                2 |              4 |         2.00 |
|  BTN_Output_BUFG | Pico_Blazeee/Procesor/Interuptor/E[0]               | RST_IBUF         |                3 |              8 |         2.67 |
|  BTN_Output_BUFG | Pico_Blazeee/Procesor/PC/PC/Q_aux_reg[0]_1[0]       | RST_IBUF         |                5 |              8 |         1.60 |
|  BTN_Output_BUFG | Pico_Blazeee/Procesor/PC/PC/is_running_reg_inv_0[0] | RST_IBUF         |                6 |              8 |         1.33 |
|  BTN_Output_BUFG | Pico_Blazeee/Procesor/PC/PC/is_running_reg_inv[0]   | RST_IBUF         |                7 |              8 |         1.14 |
|  BTN_Output_BUFG | Pico_Blazeee/Procesor/PC/PC/is_running_reg_inv_1[0] | RST_IBUF         |                7 |              8 |         1.14 |
|  CLK_IBUF_BUFG   | Pico_Blazeee/Procesor/Interuptor/Q_led_reg_1[0]     | RST_IBUF         |                5 |             10 |         2.00 |
|  CLK_IBUF_BUFG   |                                                     |                  |                7 |             19 |         2.71 |
|  CLK_OUT         |                                                     | RST_IBUF         |                8 |             31 |         3.88 |
|  BTN_Output_BUFG | Pico_Blazeee/Procesor/Interuptor/Count[30]_i_1_n_0  | RST_IBUF         |                8 |             31 |         3.88 |
|  CLK_IBUF_BUFG   |                                                     | RST_IBUF         |                9 |             32 |         3.56 |
+------------------+-----------------------------------------------------+------------------+------------------+----------------+--------------+


