Copyright 1986-2022 Xilinx, Inc. All Rights Reserved. Copyright 2022-2025 Advanced Micro Devices, Inc. All Rights Reserved.
---------------------------------------------------------------------------------------------------------------------------------------------
| Tool Version : Vivado v.2025.2 (win64) Build 6299465 Fri Nov 14 19:35:11 GMT 2025
| Date         : Tue May 12 16:05:50 2026
| Host         : Sebi running 64-bit major release  (build 9200)
| Command      : report_control_sets -verbose -file Pico_Blazer_Top_Level_control_sets_placed.rpt
| Design       : Pico_Blazer_Top_Level
| Device       : xc7a35ti
---------------------------------------------------------------------------------------------------------------------------------------------

Control Set Information

Table of Contents
-----------------
1. Summary
2. Histogram
3. Flip-Flop Distribution
4. Detailed Control Set Information

1. Summary
----------

+----------------------------------------------------------+-------+
|                          Status                          | Count |
+----------------------------------------------------------+-------+
| Total control sets                                       |    13 |
|    Minimum number of control sets                        |    13 |
|    Addition due to synthesis replication                 |     0 |
|    Addition due to physical synthesis replication        |     0 |
| Unused register locations in slices containing registers |    30 |
+----------------------------------------------------------+-------+
* Control sets can be merged at opt_design using control_set_merge or merge_equivalent_drivers
** Run report_qor_suggestions for automated merging and remapping suggestions


2. Histogram
------------

+--------------------+-------+
|       Fanout       | Count |
+--------------------+-------+
| Total control sets |    13 |
| >= 0 to < 4        |     2 |
| >= 4 to < 6        |     1 |
| >= 6 to < 8        |     0 |
| >= 8 to < 10       |     5 |
| >= 10 to < 12      |     1 |
| >= 12 to < 14      |     0 |
| >= 14 to < 16      |     0 |
| >= 16              |     4 |
+--------------------+-------+
* Control sets can be remapped at either synth_design or opt_design


3. Flip-Flop Distribution
-------------------------

+--------------+-----------------------+------------------------+-----------------+--------------+
| Clock Enable | Synchronous Set/Reset | Asynchronous Set/Reset | Total Registers | Total Slices |
+--------------+-----------------------+------------------------+-----------------+--------------+
| No           | No                    | No                     |              19 |            6 |
| No           | No                    | Yes                    |              67 |           25 |
| No           | Yes                   | No                     |               0 |            0 |
| Yes          | No                    | No                     |               1 |            1 |
| Yes          | No                    | Yes                    |              83 |           30 |
| Yes          | Yes                   | No                     |               0 |            0 |
+--------------+-----------------------+------------------------+-----------------+--------------+


4. Detailed Control Set Information
-----------------------------------

+------------------+----------------------------------------------------+------------------+------------------+----------------+--------------+
|   Clock Signal   |                    Enable Signal                   | Set/Reset Signal | Slice Load Count | Bel Load Count | Bels / Slice |
+------------------+----------------------------------------------------+------------------+------------------+----------------+--------------+
|  CLK_IBUF_BUFG   | Processor_Advance_button/eqOp                      |                  |                1 |              1 |         1.00 |
|  CLK_IBUF_BUFG   | Pico_Blazeee/Procesor/Interuptor/Int_latch_i_1_n_0 | RST_IBUF         |                1 |              1 |         1.00 |
|  BTN_Output_BUFG |                                                    | RST_IBUF         |                3 |              4 |         1.33 |
|  BTN_Output_BUFG | Pico_Blazeee/Procesor/Interuptor/E[0]              | RST_IBUF         |                4 |              8 |         2.00 |
|  BTN_Output_BUFG | Pico_Blazeee/Procesor/PC/PC/Q_aux_reg[1]_1[0]      | RST_IBUF         |                3 |              8 |         2.67 |
|  BTN_Output_BUFG | Pico_Blazeee/Procesor/PC/PC/E[0]                   | RST_IBUF         |                5 |              8 |         1.60 |
|  BTN_Output_BUFG | Pico_Blazeee/Procesor/PC/PC/Q_aux_reg[1]_0[0]      | RST_IBUF         |                4 |              8 |         2.00 |
|  BTN_Output_BUFG | Pico_Blazeee/Procesor/PC/PC/Q_aux_reg[3]_0[0]      | RST_IBUF         |                2 |              8 |         4.00 |
|  CLK_IBUF_BUFG   | Pico_Blazeee/Procesor/PC/PC/runn_reg[0]            | RST_IBUF         |                4 |             11 |         2.75 |
|  CLK_IBUF_BUFG   |                                                    |                  |                6 |             19 |         3.17 |
|  CLK_OUT         |                                                    | RST_IBUF         |                9 |             31 |         3.44 |
|  BTN_Output_BUFG | Pico_Blazeee/Procesor/Interuptor/Count[30]_i_1_n_0 | RST_IBUF         |                7 |             31 |         4.43 |
|  CLK_IBUF_BUFG   |                                                    | RST_IBUF         |               13 |             32 |         2.46 |
+------------------+----------------------------------------------------+------------------+------------------+----------------+--------------+


