
*** Running vivado
    with args -log TOP_LEVEL.vds -m64 -product Vivado -mode batch -messageDb vivado.pb -notrace -source TOP_LEVEL.tcl



****** Vivado v2025.2 (64-bit)
  **** SW Build 6299465 on Fri Nov 14 19:35:11 GMT 2025
  **** IP Build 6300035 on Fri Nov 14 10:48:45 MST 2025
  **** SharedData Build 6298862 on Thu Nov 13 04:50:51 MST 2025
  **** Start of session at: Thu May  7 00:31:17 2026
    ** Copyright 1986-2022 Xilinx, Inc. All Rights Reserved.
    ** Copyright 2022-2025 Advanced Micro Devices, Inc. All Rights Reserved.

source TOP_LEVEL.tcl -notrace
Command: read_checkpoint -auto_incremental -incremental D:/Facultate/Proiect_DSD/A5_Procesor/A5_Procesor.srcs/utils_1/imports/synth_1/ALU_8_BITS.dcp
INFO: [Vivado 12-5825] Read reference checkpoint from D:/Facultate/Proiect_DSD/A5_Procesor/A5_Procesor.srcs/utils_1/imports/synth_1/ALU_8_BITS.dcp for incremental synthesis
INFO: [Vivado 12-7989] Please ensure there are no constraint changes
Command: synth_design -top TOP_LEVEL -part xc7k70tfbv676-1
Starting synth_design
Attempting to get a license for feature 'Synthesis' and/or device 'xc7k70t'
INFO: [Common 17-349] Got license for feature 'Synthesis' and/or device 'xc7k70t'
INFO: [Designutils 20-5440] No compile time benefit to using incremental synthesis; A full resynthesis will be run
INFO: [Designutils 20-4379] Flow is switching to default flow due to incremental criteria not met. If you would like to alter this behaviour and have the flow terminate instead, please set the following parameter config_implementation {autoIncr.Synth.RejectBehavior Terminate}
INFO: [Synth 8-7079] Multithreading enabled for synth_design using a maximum of 2 processes.
INFO: [Synth 8-7078] Launching helper process for spawning children vivado processes
INFO: [Synth 8-7075] Helper process launched with PID 44580
